// Jest Snapshot v1, https://goo.gl/fbAQLP

exports[`ArgumentDisagree should display an error if the getArgumentById call fails 1`] = `
<div
  className="secondaryPageContainerStyle"
>
  <div
    className="centerStyle"
  >
    <h2
      align="center"
    >
      You 
      <strong>
        disagree
      </strong>
       with the argument
    </h2>
    <p
      align="center"
    >
      Tell us your reasons for deciding this!
    </p>
  </div>
  <div
    style={
      Object {
        "paddingTop": "30px",
      }
    }
  >
    <div>
      <ExpertiseCQ
        argument={
          Object {
            "agreesWithCQ": true,
            "argumentType": "ExpertOpinion",
            "createdBy": Object {
              "authorities": Array [
                "ROLE_ADMIN",
              ],
              "firstName": "testFirstName",
              "id": "testId",
              "lastName": "testLastName",
              "username": "testUsername",
            },
            "creationDateTime": 1551716401541,
            "criticalQuestionId": "CQ1",
            "expert": "testExpert",
            "expertAssertion": "testAssertion",
            "expertDomain": "testDomain",
            "id": "testId",
            "isAnonymous": false,
            "isSupporting": true,
            "lastUpdatedDateTime": 1551716402000,
            "parentArgumentId": "testParentArgumentId",
            "rootPetitionId": "testRootPetitionId",
            "sources": Array [],
            "subCriticalQuestionId": null,
          }
        }
        isSupporting={false}
      />
    </div>
  </div>
</div>
`;

exports[`ArgumentDisagree should render NoCreatorDisagreeAlert 1`] = `<NoCreatorDisagreeAlert />`;

exports[`ArgumentDisagree should render a content retrieval alert 1`] = `
<div
  className="alertContainer"
>
  <ContentRetrievalAlert
    contentType="Argument"
  />
</div>
`;

exports[`ArgumentDisagree should render a loader 1`] = `
<Loader
  isLoading={true}
/>
`;

exports[`ArgumentDisagree should render a redirect to the login page 1`] = `
<Redirect
  push={false}
  to={
    Object {
      "pathname": "/login",
    }
  }
/>
`;

exports[`ArgumentDisagree should render an unable to create argument alert 1`] = `<NoArgCreationOnClosedPetitionAlert />`;

exports[`ArgumentDisagree should successfully render the page 1`] = `
<div
  className="secondaryPageContainerStyle"
>
  <div
    className="centerStyle"
  >
    <h2
      align="center"
    >
      You 
      <strong>
        disagree
      </strong>
       with the argument
    </h2>
    <p
      align="center"
    >
      Tell us your reasons for deciding this!
    </p>
  </div>
  <div
    style={
      Object {
        "paddingTop": "30px",
      }
    }
  >
    <div>
      <ExpertiseCQ
        argument={
          Object {
            "agreesWithCQ": true,
            "argumentType": "ExpertOpinion",
            "createdBy": Object {
              "authorities": Array [
                "ROLE_ADMIN",
              ],
              "firstName": "testFirstName",
              "id": "testId",
              "lastName": "testLastName",
              "username": "testUsername",
            },
            "creationDateTime": 1551716401541,
            "criticalQuestionId": "CQ1",
            "expert": "testExpert",
            "expertAssertion": "testAssertion",
            "expertDomain": "testDomain",
            "id": "testId",
            "isAnonymous": false,
            "isSupporting": true,
            "lastUpdatedDateTime": 1551716402000,
            "parentArgumentId": "testParentArgumentId",
            "rootPetitionId": "testRootPetitionId",
            "sources": Array [],
            "subCriticalQuestionId": null,
          }
        }
        isSupporting={false}
      />
    </div>
  </div>
</div>
`;
