// Jest Snapshot v1, https://goo.gl/fbAQLP

exports[`EditArgumentHelp should render successfully 1`] = `
<div
  className="secondaryPageContainerStyle"
>
  <div
    className="centerStyle"
  >
    <h2>
      Editing an Argument
    </h2>
    <p>
      Understand how to edit an argument.
    </p>
  </div>
  <div
    className="titleContentPadding"
  >
    <Grid
      bsClass="container"
      className="divNoPadding"
      componentClass="div"
      fluid={false}
    >
      <Row
        bsClass="row"
        componentClass="div"
      >
        <Col
          bsClass="col"
          componentClass="div"
          lg={12}
          md={12}
        >
          <div>
            <h4
              style={
                Object {
                  "margin": 0,
                }
              }
            >
              How to edit an argument
            </h4>
            <hr
              className="helpHr"
            />
            <Alert
              bsClass="alert"
              bsStyle="info"
              closeLabel="Close alert"
            >
              You will need to be logged in into a user account and to have an existing open argument.
            </Alert>
            <p>
              1. Click on the "Edit" button that is found on the page of your argument.
            </p>
            <div
              className="centerStyle"
              style={
                Object {
                  "paddingTop": "15px",
                }
              }
            >
              <img
                alt="Argument Page"
                src="edit-arg-atf.png"
                style={
                  Object {
                    "align": "center",
                    "maxWidth": "35%",
                    "minWidth": "350px",
                  }
                }
              />
            </div>
            <p>
              2. Update your argument by modifying the information on the form. Once completed, click on the "Submit" button that is located towards the bottom of the page.
            </p>
            <div
              className="centerStyle"
              style={
                Object {
                  "paddingTop": "15px",
                }
              }
            >
              <img
                alt="Argument Page"
                src="edit-arg-form.png"
                style={
                  Object {
                    "align": "center",
                    "maxWidth": "35%",
                    "minWidth": "350px",
                  }
                }
              />
            </div>
            <p>
              3. Clicking on the submit button will display a dialog to confirm whether the details of the argument accurately reflect your viewpoint. Clicking on "Yes" will update the argument with the details that you have provided. Below shows an image of the expected confirmation dialog.
            </p>
            <div
              className="centerStyle"
              style={
                Object {
                  "paddingBottom": "20px",
                  "paddingTop": "20px",
                }
              }
            >
              <img
                alt="Confirmation Dialog"
                src="create-arg-confirm.png"
                style={
                  Object {
                    "align": "center",
                    "maxWidth": "30%",
                    "minWidth": "350px",
                  }
                }
              />
            </div>
            <p>
              4. If the modification is successful then you will be shown a confirmation screen, otherwise an error screen will be displayed.
            </p>
            <div
              className="centerStyle"
              style={
                Object {
                  "paddingTop": "15px",
                }
              }
            >
              <Grid
                bsClass="container"
                className="divNoPadding"
                componentClass="div"
                fluid={false}
              >
                <Row
                  bsClass="row"
                  componentClass="div"
                >
                  <Col
                    bsClass="col"
                    componentClass="div"
                    lg={4}
                    md={4}
                  >
                    <Uncontrolled(Panel)>
                      <PanelHeading
                        bsClass="panel"
                        componentClass="div"
                      >
                        <PanelTitle
                          bsClass="panel"
                          componentClass="div"
                        >
                          If successful
                        </PanelTitle>
                      </PanelHeading>
                      <PanelBody
                        bsClass="panel"
                        className="centerStyle"
                        collapsible={false}
                      >
                        <img
                          alt="Successful Argument Modification Screen"
                          src="successful-edit-arg.png"
                          style={
                            Object {
                              "align": "center",
                              "width": "320px",
                            }
                          }
                        />
                      </PanelBody>
                    </Uncontrolled(Panel)>
                  </Col>
                  <Col
                    bsClass="col"
                    componentClass="div"
                    lg={4}
                    md={4}
                  >
                    <Uncontrolled(Panel)>
                      <PanelHeading
                        bsClass="panel"
                        componentClass="div"
                      >
                        <PanelTitle
                          bsClass="panel"
                          componentClass="div"
                        >
                          If unsuccessful
                        </PanelTitle>
                      </PanelHeading>
                      <PanelBody
                        bsClass="panel"
                        className="centerStyle"
                        collapsible={false}
                      >
                        <img
                          alt="Unsuccessful Argument Modification Screen"
                          src="unsuccessful-edit-arg.png"
                          style={
                            Object {
                              "align": "center",
                              "width": "320px",
                            }
                          }
                        />
                      </PanelBody>
                    </Uncontrolled(Panel)>
                  </Col>
                  <Col
                    bsClass="col"
                    componentClass="div"
                    lg={4}
                    md={4}
                  >
                    <Uncontrolled(Panel)>
                      <PanelHeading
                        bsClass="panel"
                        componentClass="div"
                      >
                        <PanelTitle
                          bsClass="panel"
                          componentClass="div"
                        >
                          If unsuccessful (due to no new details)
                        </PanelTitle>
                      </PanelHeading>
                      <PanelBody
                        bsClass="panel"
                        className="centerStyle"
                        collapsible={false}
                      >
                        <img
                          alt="No new detail screen"
                          src="unsuccessful-edit-arg-2.png"
                          style={
                            Object {
                              "align": "center",
                              "width": "320px",
                            }
                          }
                        />
                      </PanelBody>
                    </Uncontrolled(Panel)>
                  </Col>
                </Row>
              </Grid>
            </div>
          </div>
          <BackButton
            link="/help/argument"
          />
        </Col>
      </Row>
    </Grid>
  </div>
</div>
`;
