// Jest Snapshot v1, https://goo.gl/fbAQLP

exports[`ViewArgumentsHelp should render successfully 1`] = `
<div
  className="secondaryPageContainerStyle"
>
  <div
    className="centerStyle"
  >
    <h2>
      Viewing Arguments
    </h2>
    <p>
      Understand how arguments are viewed.
    </p>
  </div>
  <div
    className="titleContentPadding"
  >
    <Grid
      bsClass="container"
      className="divNoPadding"
      componentClass="div"
      fluid={false}
    >
      <Row
        bsClass="row"
        componentClass="div"
      >
        <Col
          bsClass="col"
          componentClass="div"
          lg={12}
          md={12}
        >
          <div>
            <h4
              style={
                Object {
                  "margin": 0,
                }
              }
            >
              Viewing arguments on a petition or argument
            </h4>
            <hr
              className="helpHr"
            />
            <p>
              When you are on a petition or argument, you may sometimes notice that there are a set of arguments that are located on the lower part of the page. The image below explains the different things you may see for a set of supporting arguments.
            </p>
            <div
              className="centerStyle"
              style={
                Object {
                  "paddingTop": "15px",
                }
              }
            >
              <img
                alt="Argument Entry Diagram"
                src="argument-entry-diagram.png"
                style={
                  Object {
                    "align": "center",
                    "maxWidth": "70%",
                    "minWidth": "350px",
                  }
                }
              />
            </div>
          </div>
          <div
            style={
              Object {
                "paddingTop": "35px",
              }
            }
          >
            <h4
              style={
                Object {
                  "margin": 0,
                }
              }
            >
              Viewing an argument on its page
            </h4>
            <hr
              className="helpHr"
            />
            <p>
              The image below explains the different things you may see when you are on an argument page.
            </p>
            <div
              className="centerStyle"
              style={
                Object {
                  "paddingTop": "15px",
                }
              }
            >
              <img
                alt="Argument Page Diagram"
                src="argument-page-diagram.png"
                style={
                  Object {
                    "align": "center",
                    "maxWidth": "70%",
                    "minWidth": "350px",
                  }
                }
              />
            </div>
          </div>
          <div
            style={
              Object {
                "paddingTop": "35px",
              }
            }
          >
            <h4
              style={
                Object {
                  "margin": 0,
                }
              }
            >
              Viewing the tree of arguments for an argument
            </h4>
            <hr
              className="helpHr"
            />
            <p>
              Click on the "Arguments Overview" button found within the page of an argument to view a data visualisation of the arguments that were made to support or oppose the argument.
            </p>
            <div
              className="centerStyle"
              style={
                Object {
                  "paddingBottom": "20px",
                  "paddingTop": "15px",
                }
              }
            >
              <img
                alt="Argument Page Diagram"
                src="argument-visualisation-btn.png"
                style={
                  Object {
                    "align": "center",
                    "width": "180px",
                  }
                }
              />
            </div>
            <p>
              A diagram showing the arguments supporting and opposing the argument is shown after clicking the button. A red circle shows that there exists an argument that is opposing argument above it. A green circle shows that there exists an argument that is supporting the argument above it. Clicking on any of the circles will send you to that argument's page.
            </p>
            <div
              className="centerStyle"
              style={
                Object {
                  "paddingTop": "15px",
                }
              }
            >
              <img
                alt="Argument Data Visualisation"
                src="argument-visualisation.png"
                style={
                  Object {
                    "align": "center",
                    "maxWidth": "25%",
                    "minWidth": "350px",
                  }
                }
              />
            </div>
          </div>
          <BackButton
            link="/help/argument"
          />
        </Col>
      </Row>
    </Grid>
  </div>
</div>
`;
