// Jest Snapshot v1, https://goo.gl/fbAQLP

exports[`NoArgCreationOnClosedPetitionAlert should render successfully 1`] = `
<div
  className="secondaryPageContainerStyle"
>
  <Alert
    bsClass="alert"
    bsStyle="danger"
    closeLabel="Close alert"
  >
    <h4>
      You cannot create an argument on a closed petition.
    </h4>
  </Alert>
</div>
`;
